// Jest Snapshot v1, https://goo.gl/fbAQLP

exports[`Search snapshots 1`] = `[Function]`;
