// Jest Snapshot v1, https://goo.gl/fbAQLP

exports[`Block snapshots 1`] = `[Function]`;
